#
# There is insufficient memory for the Java Runtime Environment to continue.
# Native memory allocation (malloc) failed to allocate 1048576 bytes. Error detail: AllocateHeap
# Possible reasons:
#   The system is out of physical RAM or swap space
#   This process is running with CompressedOops enabled, and the Java Heap may be blocking the growth of the native heap
# Possible solutions:
#   Reduce memory load on the system
#   Increase physical memory or swap space
#   Check if swap backing store is full
#   Decrease Java heap size (-Xmx/-Xms)
#   Decrease number of Java threads
#   Decrease Java thread stack sizes (-Xss)
#   Set larger code cache with -XX:ReservedCodeCacheSize=
#   JVM is running with Unscaled Compressed Oops mode in which the Java heap is
#     placed in the first 4GB address space. The Java Heap base address is the
#     maximum limit for the native heap growth. Please use -XX:HeapBaseMinAddress
#     to set the Java Heap base and to place the Java Heap above 4GB virtual address.
# This output file may be truncated or incomplete.
#
#  Out of Memory Error (allocation.cpp:44), pid=8492, tid=17660
#
# JRE version: OpenJDK Runtime Environment Temurin-21.0.9+10 (21.0.9+10) (build 21.0.9+10-LTS)
# Java VM: OpenJDK 64-Bit Server VM Temurin-21.0.9+10 (21.0.9+10-LTS, mixed mode, sharing, tiered, compressed oops, compressed class ptrs, parallel gc, windows-amd64)
# No core dump will be written. Minidumps are not enabled by default on client versions of Windows
#

---------------  S U M M A R Y ------------

Command Line: --add-modules=ALL-SYSTEM --add-opens=java.base/java.util=ALL-UNNAMED --add-opens=java.base/java.lang=ALL-UNNAMED --add-opens=java.base/sun.nio.fs=ALL-UNNAMED -Declipse.application=org.eclipse.jdt.ls.core.id1 -Dosgi.bundles.defaultStartLevel=4 -Declipse.product=org.eclipse.jdt.ls.core.product -Djava.import.generatesMetadataFilesAtProjectRoot=false -DDetectVMInstallationsJob.disabled=true -Dfile.encoding=utf8 -XX:+UseParallelGC -XX:GCTimeRatio=4 -XX:AdaptiveSizePolicyWeight=90 -Dsun.zip.disableMemoryMapping=true -Xmx2G -Xms100m -Xlog:disable -javaagent:c:\Users\shop souf\.vscode\extensions\redhat.java-1.50.0-win32-x64\lombok\lombok-1.18.39-4050.jar -XX:+HeapDumpOnOutOfMemoryError -XX:HeapDumpPath=c:\Users\shop souf\AppData\Roaming\Code\User\workspaceStorage\5e3e83a2b0270ce218c0c5e83ba4ad5e\redhat.java -Daether.dependencyCollector.impl=bf c:\Users\shop souf\.vscode\extensions\redhat.java-1.50.0-win32-x64\server\plugins\org.eclipse.equinox.launcher_1.7.100.v20251111-0406.jar -configuration c:\Users\shop souf\AppData\Roaming\Code\User\globalStorage\redhat.java\1.50.0\config_win -data c:\Users\shop souf\AppData\Roaming\Code\User\workspaceStorage\5e3e83a2b0270ce218c0c5e83ba4ad5e\redhat.java\jdt_ws --pipe=\\.\pipe\lsp-09adeb6e099588d8dc6bbb92d91bc233-sock

Host: Intel(R) Core(TM) i5-5300U CPU @ 2.30GHz, 4 cores, 7G,  Windows 10 , 64 bit Build 19041 (10.0.19041.5915)
Time: Wed Dec 24 19:32:54 2025 elapsed time: 12370.293252 seconds (0d 3h 26m 10s)

---------------  T H R E A D  ---------------

Current thread (0x0000022832621960):  JavaThread "Attach Listener" daemon [_thread_in_vm, id=17660, stack(0x0000004beed00000,0x0000004beee00000) (1024K)]

Stack: [0x0000004beed00000,0x0000004beee00000]
Native frames: (J=compiled Java code, j=interpreted, Vv=VM code, C=native code)
V  [jvm.dll+0x6d6e29]
V  [jvm.dll+0x8b4b76]
V  [jvm.dll+0x8b712e]
V  [jvm.dll+0x8b7813]
V  [jvm.dll+0x283d86]
V  [jvm.dll+0xc1277]
V  [jvm.dll+0x6d76d9]
V  [jvm.dll+0x133466]
V  [jvm.dll+0x3f7ea6]
V  [jvm.dll+0x85e9ad]
V  [jvm.dll+0x6d565d]
C  [ucrtbase.dll+0x21bb2]
C  [KERNEL32.DLL+0x17374]
C  [ntdll.dll+0x4cc91]


---------------  P R O C E S S  ---------------

Threads class SMR info:
_java_thread_list=0x00000228912dea20, length=31, elements={
0x0000022832734fa0, 0x000002283261ca70, 0x000002283261e0b0, 0x0000022832620d10,
0x0000022832621960, 0x00000228326225b0, 0x0000022832623200, 0x0000022832626040,
0x00000228326a39f0, 0x000002288f1411c0, 0x000002288f25dcb0, 0x000002288f8d9d70,
0x000002288f8772f0, 0x000002288faaec90, 0x000002288fadaf60, 0x000002288fe76a20,
0x000002288ffcfca0, 0x000002288f28aa50, 0x000002288f542e70, 0x000002288f370910,
0x000002288f371cc0, 0x000002288f372350, 0x000002288f370280, 0x00000228915df580,
0x00000228915e3090, 0x00000228915ddb40, 0x00000228915e1ce0, 0x00000228915e0930,
0x00000228915dd4b0, 0x00000228915deef0, 0x00000228915dc790
}

Java Threads: ( => current thread )
  0x0000022832734fa0 JavaThread "main"                              [_thread_blocked, id=640, stack(0x0000004bee600000,0x0000004bee700000) (1024K)]
  0x000002283261ca70 JavaThread "Reference Handler"          daemon [_thread_blocked, id=3160, stack(0x0000004beea00000,0x0000004beeb00000) (1024K)]
  0x000002283261e0b0 JavaThread "Finalizer"                  daemon [_thread_blocked, id=13968, stack(0x0000004beeb00000,0x0000004beec00000) (1024K)]
  0x0000022832620d10 JavaThread "Signal Dispatcher"          daemon [_thread_blocked, id=480, stack(0x0000004beec00000,0x0000004beed00000) (1024K)]
=>0x0000022832621960 JavaThread "Attach Listener"            daemon [_thread_in_vm, id=17660, stack(0x0000004beed00000,0x0000004beee00000) (1024K)]
  0x00000228326225b0 JavaThread "Service Thread"             daemon [_thread_blocked, id=388, stack(0x0000004beee00000,0x0000004beef00000) (1024K)]
  0x0000022832623200 JavaThread "Monitor Deflation Thread"   daemon [_thread_blocked, id=4520, stack(0x0000004beef00000,0x0000004bef000000) (1024K)]
  0x0000022832626040 JavaThread "C2 CompilerThread0"         daemon [_thread_blocked, id=8792, stack(0x0000004bef000000,0x0000004bef100000) (1024K)]
  0x00000228326a39f0 JavaThread "C1 CompilerThread0"         daemon [_thread_blocked, id=11872, stack(0x0000004bef100000,0x0000004bef200000) (1024K)]
  0x000002288f1411c0 JavaThread "Common-Cleaner"             daemon [_thread_blocked, id=6468, stack(0x0000004bef200000,0x0000004bef300000) (1024K)]
  0x000002288f25dcb0 JavaThread "Notification Thread"        daemon [_thread_blocked, id=22344, stack(0x0000004bef300000,0x0000004bef400000) (1024K)]
  0x000002288f8d9d70 JavaThread "Active Thread: Equinox Container: 9f458bf6-cbe3-4dc4-bce0-76f1558ea09a"        [_thread_blocked, id=17628, stack(0x0000004bef700000,0x0000004bef800000) (1024K)]
  0x000002288f8772f0 JavaThread "Refresh Thread: Equinox Container: 9f458bf6-cbe3-4dc4-bce0-76f1558ea09a" daemon [_thread_blocked, id=13628, stack(0x0000004bef800000,0x0000004bef900000) (1024K)]
  0x000002288faaec90 JavaThread "Framework Event Dispatcher: Equinox Container: 9f458bf6-cbe3-4dc4-bce0-76f1558ea09a" daemon [_thread_blocked, id=9348, stack(0x0000004bef900000,0x0000004befa00000) (1024K)]
  0x000002288fadaf60 JavaThread "Start Level: Equinox Container: 9f458bf6-cbe3-4dc4-bce0-76f1558ea09a" daemon [_thread_blocked, id=2708, stack(0x0000004befa00000,0x0000004befb00000) (1024K)]
  0x000002288fe76a20 JavaThread "Bundle File Closer"         daemon [_thread_blocked, id=18856, stack(0x0000004befc00000,0x0000004befd00000) (1024K)]
  0x000002288ffcfca0 JavaThread "SCR Component Actor"        daemon [_thread_blocked, id=16236, stack(0x0000004befd00000,0x0000004befe00000) (1024K)]
  0x000002288f28aa50 JavaThread "Worker-JM"                         [_thread_blocked, id=15696, stack(0x0000004befe00000,0x0000004beff00000) (1024K)]
  0x000002288f542e70 JavaThread "JNA Cleaner"                daemon [_thread_blocked, id=12200, stack(0x0000004befb00000,0x0000004befc00000) (1024K)]
  0x000002288f370910 JavaThread "Java indexing"              daemon [_thread_blocked, id=7816, stack(0x0000004bf0200000,0x0000004bf0300000) (1024K)]
  0x000002288f371cc0 JavaThread "Thread-1"                   daemon [_thread_in_native, id=4608, stack(0x0000004bf0800000,0x0000004bf0900000) (1024K)]
  0x000002288f372350 JavaThread "Thread-2"                   daemon [_thread_in_native, id=21740, stack(0x0000004bf0900000,0x0000004bf0a00000) (1024K)]
  0x000002288f370280 JavaThread "Thread-3"                   daemon [_thread_in_native, id=8300, stack(0x0000004bf0a00000,0x0000004bf0b00000) (1024K)]
  0x00000228915df580 JavaThread "Thread-4"                   daemon [_thread_in_native, id=19404, stack(0x0000004bf0b00000,0x0000004bf0c00000) (1024K)]
  0x00000228915e3090 JavaThread "Thread-5"                   daemon [_thread_in_native, id=11304, stack(0x0000004bf0c00000,0x0000004bf0d00000) (1024K)]
  0x00000228915ddb40 JavaThread "pool-2-thread-1"                   [_thread_blocked, id=17664, stack(0x0000004bf0d00000,0x0000004bf0e00000) (1024K)]
  0x00000228915e1ce0 JavaThread "WorkspaceEventsHandler"            [_thread_blocked, id=10328, stack(0x0000004bf0e00000,0x0000004bf0f00000) (1024K)]
  0x00000228915e0930 JavaThread "pool-1-thread-1"                   [_thread_blocked, id=8672, stack(0x0000004bf0f00000,0x0000004bf1000000) (1024K)]
  0x00000228915dd4b0 JavaThread "Cleaner-0"                  daemon [_thread_blocked, id=21708, stack(0x0000004bf0600000,0x0000004bf0700000) (1024K)]
  0x00000228915deef0 JavaThread "Worker-62"                         [_thread_blocked, id=8784, stack(0x0000004bee500000,0x0000004bee600000) (1024K)]
  0x00000228915dc790 JavaThread "Worker-64"                         [_thread_blocked, id=23224, stack(0x0000004bf0000000,0x0000004bf0100000) (1024K)]
Total: 31

Other Threads:
  0x00000228327f1e40 VMThread "VM Thread"                           [id=13376, stack(0x0000004bee900000,0x0000004beea00000) (1024K)]
  0x00000228327a0350 WatcherThread "VM Periodic Task Thread"        [id=2308, stack(0x0000004bee800000,0x0000004bee900000) (1024K)]
  0x0000022832752a90 WorkerThread "GC Thread#0"                     [id=3180, stack(0x0000004bee700000,0x0000004bee800000) (1024K)]
  0x000002288f7c4450 WorkerThread "GC Thread#1"                     [id=7212, stack(0x0000004bef400000,0x0000004bef500000) (1024K)]
  0x000002288f7c47f0 WorkerThread "GC Thread#2"                     [id=6580, stack(0x0000004bef500000,0x0000004bef600000) (1024K)]
  0x000002288f7c4b90 WorkerThread "GC Thread#3"                     [id=5180, stack(0x0000004bef600000,0x0000004bef700000) (1024K)]
Total: 6

Threads with active compile tasks:
Total: 0

VM state: not at safepoint (normal execution)

VM Mutex/Monitor currently owned by a thread: None

Heap address: 0x0000000080000000, size: 2048 MB, Compressed Oops mode: 32-bit

CDS archive(s) mapped at: [0x0000022849000000-0x0000022849ba0000-0x0000022849ba0000), size 12189696, SharedBaseAddress: 0x0000022849000000, ArchiveRelocationMode: 1.
Compressed class space mapped at: 0x000002284a000000-0x000002288a000000, reserved size: 1073741824
Narrow klass base: 0x0000022849000000, Narrow klass shift: 0, Narrow klass range: 0x100000000

GC Precious Log:
 CardTable entry size: 512
 CPUs: 4 total, 4 available
 Memory: 8067M
 Large Page Support: Disabled
 NUMA Support: Disabled
 Compressed Oops: Enabled (32-bit)
 Alignments: Space 512K, Generation 512K, Heap 2M
 Heap Min Capacity: 100M
 Heap Initial Capacity: 100M
 Heap Max Capacity: 2G
 Pre-touch: Disabled
 Parallel Workers: 4

Heap:
 PSYoungGen      total 9728K, used 7181K [0x00000000d5580000, 0x00000000d6100000, 0x0000000100000000)
  eden space 9216K, 73% used [0x00000000d5580000,0x00000000d5c23750,0x00000000d5e80000)
  from space 512K, 75% used [0x00000000d6080000,0x00000000d60e0000,0x00000000d6100000)
  to   space 1024K, 0% used [0x00000000d5f00000,0x00000000d5f00000,0x00000000d6000000)
 ParOldGen       total 910336K, used 910132K [0x0000000080000000, 0x00000000b7900000, 0x00000000d5580000)
  object space 910336K, 99% used [0x0000000080000000,0x00000000b78cd2f0,0x00000000b7900000)
 Metaspace       used 99358K, committed 101056K, reserved 1179648K
  class space    used 9763K, committed 10560K, reserved 1048576K

Card table byte_map: [0x00000228320e0000,0x00000228324f0000] _byte_map_base: 0x0000022831ce0000

Marking Bits: (ParMarkBitMap*) 0x00007ffa48672460
 Begin Bits: [0x0000022844bf0000, 0x0000022846bf0000)
 End Bits:   [0x0000022846bf0000, 0x0000022848bf0000)

Polling page: 0x0000022830480000

Metaspace:

Usage:
  Non-class:     87.50 MB used.
      Class:      9.54 MB used.
       Both:     97.03 MB used.

Virtual space:
  Non-class space:      128.00 MB reserved,      88.38 MB ( 69%) committed,  2 nodes.
      Class space:        1.00 GB reserved,      10.31 MB (  1%) committed,  1 nodes.
             Both:        1.12 GB reserved,      98.69 MB (  9%) committed. 

Chunk freelists:
   Non-Class:  7.61 MB
       Class:  5.64 MB
        Both:  13.25 MB

MaxMetaspaceSize: unlimited
CompressedClassSpaceSize: 1.00 GB
Initial GC threshold: 21.00 MB
Current GC threshold: 163.56 MB
CDS: on
 - commit_granule_bytes: 65536.
 - commit_granule_words: 8192.
 - virtual_space_node_default_size: 8388608.
 - enlarge_chunks_in_place: 1.
 - use_allocation_guard: 0.


Internal statistics:

num_allocs_failed_limit: 9.
num_arena_births: 2182.
num_arena_deaths: 610.
num_vsnodes_births: 3.
num_vsnodes_deaths: 0.
num_space_committed: 1579.
num_space_uncommitted: 0.
num_chunks_returned_to_freelist: 745.
num_chunks_taken_from_freelist: 7414.
num_chunk_merges: 199.
num_chunk_splits: 4195.
num_chunks_enlarged: 2267.
num_inconsistent_stats: 0.

CodeHeap 'non-profiled nmethods': size=120000Kb used=28906Kb max_used=28906Kb free=91093Kb
 bounds [0x000002283d410000, 0x000002283f050000, 0x0000022844940000]
CodeHeap 'profiled nmethods': size=120000Kb used=46382Kb max_used=58275Kb free=73617Kb
 bounds [0x0000022835940000, 0x0000022839230000, 0x000002283ce70000]
CodeHeap 'non-nmethods': size=5760Kb used=1540Kb max_used=1634Kb free=4219Kb
 bounds [0x000002283ce70000, 0x000002283d0e0000, 0x000002283d410000]
CodeCache: size=245760Kb, used=76828Kb, max_used=88815Kb, free=168929Kb
 total_blobs=20922, nmethods=20065, adapters=759, full_count=0
Compilation: enabled, stopped_count=0, restarted_count=0

Compilation events (20 events):
Event: 11467.058 Thread 0x00000228326a39f0 31075   !   3       org.jetbrains.java.decompiler.main.ClassWriter::methodToJava (1769 bytes)
Event: 11467.066 Thread 0x0000022832626040 nmethod 31029% 0x000002283f033c90 code [0x000002283f0347c0, 0x000002283f03ea08]
Event: 11467.067 Thread 0x0000022832626040 31072       4       org.jetbrains.java.decompiler.util.TextBuffer::append (11 bytes)
Event: 11467.073 Thread 0x0000022832626040 nmethod 31072 0x000002283f044e90 code [0x000002283f045060, 0x000002283f0454f8]
Event: 11467.073 Thread 0x0000022832626040 31060   !   4       java.util.ArrayList$Itr::remove (68 bytes)
Event: 11467.077 Thread 0x0000022832626040 nmethod 31060 0x000002283f045910 code [0x000002283f045ac0, 0x000002283f045de8]
Event: 11467.077 Thread 0x0000022832626040 31052       4       org.jetbrains.java.decompiler.modules.decompiler.stats.Statement$$Lambda/0x000002284a9e3d10::apply (8 bytes)
Event: 11467.078 Thread 0x0000022832626040 nmethod 31052 0x000002283f046090 code [0x000002283f046220, 0x000002283f0463b0]
Event: 11467.109 Thread 0x00000228326a39f0 nmethod 31075 0x0000022837fa6b90 code [0x0000022837fa89c0, 0x0000022837fbca30]
Event: 11467.110 Thread 0x00000228326a39f0 31079       3       org.jetbrains.java.decompiler.struct.gen.generics.GenericType::<init> (318 bytes)
Event: 11467.114 Thread 0x00000228326a39f0 nmethod 31079 0x0000022835e72f90 code [0x0000022835e73400, 0x0000022835e75458]
Event: 11467.114 Thread 0x00000228326a39f0 31074       3       org.jetbrains.java.decompiler.struct.gen.generics.GenericMain::getTypeName (100 bytes)
Event: 11467.116 Thread 0x00000228326a39f0 nmethod 31074 0x0000022837672110 code [0x0000022837672460, 0x00000228376736f8]
Event: 11467.116 Thread 0x00000228326a39f0 31077       1       org.jetbrains.java.decompiler.struct.attr.StructGenericSignatureAttribute::getSignature (5 bytes)
Event: 11467.116 Thread 0x00000228326a39f0 nmethod 31077 0x000002283f046510 code [0x000002283f0466a0, 0x000002283f046768]
Event: 11467.116 Thread 0x00000228326a39f0 31078       1       org.jetbrains.java.decompiler.main.rels.ClassWrapper::getMethods (5 bytes)
Event: 11467.116 Thread 0x00000228326a39f0 nmethod 31078 0x000002283f046810 code [0x000002283f0469a0, 0x000002283f046a68]
Event: 11467.141 Thread 0x00000228914f6450 nmethod 31042% 0x000002283f046b10 code [0x000002283f046ee0, 0x000002283f048e28]
Event: 12253.430 Thread 0x0000022832626040 31080       4       java.util.concurrent.locks.AbstractQueuedSynchronizer$Node::clearStatus (12 bytes)
Event: 12253.440 Thread 0x0000022832626040 nmethod 31080 0x000002283f04a610 code [0x000002283f04a7a0, 0x000002283f04a830]

GC Heap History (20 events):
Event: 11465.550 GC heap before
{Heap before GC invocations=5569 (full 8):
 PSYoungGen      total 8704K, used 8278K [0x00000000d5580000, 0x00000000d6600000, 0x0000000100000000)
  eden space 5120K, 100% used [0x00000000d5580000,0x00000000d5a80000,0x00000000d5a80000)
  from space 3584K, 88% used [0x00000000d6280000,0x00000000d6595928,0x00000000d6600000)
  to   space 5120K, 0% used [0x00000000d5c00000,0x00000000d5c00000,0x00000000d6100000)
 ParOldGen       total 897536K, used 897526K [0x0000000080000000, 0x00000000b6c80000, 0x00000000d5580000)
  object space 897536K, 99% used [0x0000000080000000,0x00000000b6c7d8b8,0x00000000b6c80000)
 Metaspace       used 99271K, committed 100928K, reserved 1179648K
  class space    used 9763K, committed 10560K, reserved 1048576K
}
Event: 11465.557 GC heap after
{Heap after GC invocations=5569 (full 8):
 PSYoungGen      total 8192K, used 1888K [0x00000000d5580000, 0x00000000d6300000, 0x0000000100000000)
  eden space 6144K, 0% used [0x00000000d5580000,0x00000000d5580000,0x00000000d5b80000)
  from space 2048K, 92% used [0x00000000d5c00000,0x00000000d5dd8000,0x00000000d5e00000)
  to   space 3072K, 0% used [0x00000000d6000000,0x00000000d6000000,0x00000000d6300000)
 ParOldGen       total 901120K, used 900644K [0x0000000080000000, 0x00000000b7000000, 0x00000000d5580000)
  object space 901120K, 99% used [0x0000000080000000,0x00000000b6f891e0,0x00000000b7000000)
 Metaspace       used 99271K, committed 100928K, reserved 1179648K
  class space    used 9763K, committed 10560K, reserved 1048576K
}
Event: 11465.597 GC heap before
{Heap before GC invocations=5570 (full 8):
 PSYoungGen      total 8192K, used 8032K [0x00000000d5580000, 0x00000000d6300000, 0x0000000100000000)
  eden space 6144K, 100% used [0x00000000d5580000,0x00000000d5b80000,0x00000000d5b80000)
  from space 2048K, 92% used [0x00000000d5c00000,0x00000000d5dd8000,0x00000000d5e00000)
  to   space 3072K, 0% used [0x00000000d6000000,0x00000000d6000000,0x00000000d6300000)
 ParOldGen       total 901120K, used 900644K [0x0000000080000000, 0x00000000b7000000, 0x00000000d5580000)
  object space 901120K, 99% used [0x0000000080000000,0x00000000b6f891e0,0x00000000b7000000)
 Metaspace       used 99271K, committed 100928K, reserved 1179648K
  class space    used 9763K, committed 10560K, reserved 1048576K
}
Event: 11465.606 GC heap after
{Heap after GC invocations=5570 (full 8):
 PSYoungGen      total 10240K, used 2313K [0x00000000d5580000, 0x00000000d6280000, 0x0000000100000000)
  eden space 7680K, 0% used [0x00000000d5580000,0x00000000d5580000,0x00000000d5d00000)
  from space 2560K, 90% used [0x00000000d6000000,0x00000000d6242400,0x00000000d6280000)
  to   space 2560K, 0% used [0x00000000d5d80000,0x00000000d5d80000,0x00000000d6000000)
 ParOldGen       total 902656K, used 902476K [0x0000000080000000, 0x00000000b7180000, 0x00000000d5580000)
  object space 902656K, 99% used [0x0000000080000000,0x00000000b71531e0,0x00000000b7180000)
 Metaspace       used 99271K, committed 100928K, reserved 1179648K
  class space    used 9763K, committed 10560K, reserved 1048576K
}
Event: 11465.619 GC heap before
{Heap before GC invocations=5571 (full 8):
 PSYoungGen      total 10240K, used 9993K [0x00000000d5580000, 0x00000000d6280000, 0x0000000100000000)
  eden space 7680K, 100% used [0x00000000d5580000,0x00000000d5d00000,0x00000000d5d00000)
  from space 2560K, 90% used [0x00000000d6000000,0x00000000d6242400,0x00000000d6280000)
  to   space 2560K, 0% used [0x00000000d5d80000,0x00000000d5d80000,0x00000000d6000000)
 ParOldGen       total 902656K, used 902476K [0x0000000080000000, 0x00000000b7180000, 0x00000000d5580000)
  object space 902656K, 99% used [0x0000000080000000,0x00000000b71531e0,0x00000000b7180000)
 Metaspace       used 99271K, committed 100928K, reserved 1179648K
  class space    used 9763K, committed 10560K, reserved 1048576K
}
Event: 11465.625 GC heap after
{Heap after GC invocations=5571 (full 8):
 PSYoungGen      total 10752K, used 1010K [0x00000000d5580000, 0x00000000d6180000, 0x0000000100000000)
  eden space 8192K, 0% used [0x00000000d5580000,0x00000000d5580000,0x00000000d5d80000)
  from space 2560K, 39% used [0x00000000d5d80000,0x00000000d5e7c800,0x00000000d6000000)
  to   space 1536K, 0% used [0x00000000d6000000,0x00000000d6000000,0x00000000d6180000)
 ParOldGen       total 905216K, used 904741K [0x0000000080000000, 0x00000000b7400000, 0x00000000d5580000)
  object space 905216K, 99% used [0x0000000080000000,0x00000000b7389620,0x00000000b7400000)
 Metaspace       used 99271K, committed 100928K, reserved 1179648K
  class space    used 9763K, committed 10560K, reserved 1048576K
}
Event: 11465.640 GC heap before
{Heap before GC invocations=5572 (full 8):
 PSYoungGen      total 10752K, used 9202K [0x00000000d5580000, 0x00000000d6180000, 0x0000000100000000)
  eden space 8192K, 100% used [0x00000000d5580000,0x00000000d5d80000,0x00000000d5d80000)
  from space 2560K, 39% used [0x00000000d5d80000,0x00000000d5e7c800,0x00000000d6000000)
  to   space 1536K, 0% used [0x00000000d6000000,0x00000000d6000000,0x00000000d6180000)
 ParOldGen       total 905216K, used 904741K [0x0000000080000000, 0x00000000b7400000, 0x00000000d5580000)
  object space 905216K, 99% used [0x0000000080000000,0x00000000b7389620,0x00000000b7400000)
 Metaspace       used 99271K, committed 100928K, reserved 1179648K
  class space    used 9763K, committed 10560K, reserved 1048576K
}
Event: 11465.644 GC heap after
{Heap after GC invocations=5572 (full 8):
 PSYoungGen      total 10752K, used 1056K [0x00000000d5580000, 0x00000000d6280000, 0x0000000100000000)
  eden space 9216K, 0% used [0x00000000d5580000,0x00000000d5580000,0x00000000d5e80000)
  from space 1536K, 68% used [0x00000000d6000000,0x00000000d6108000,0x00000000d6180000)
  to   space 1536K, 0% used [0x00000000d5e80000,0x00000000d5e80000,0x00000000d6000000)
 ParOldGen       total 905728K, used 905631K [0x0000000080000000, 0x00000000b7480000, 0x00000000d5580000)
  object space 905728K, 99% used [0x0000000080000000,0x00000000b7467e20,0x00000000b7480000)
 Metaspace       used 99271K, committed 100928K, reserved 1179648K
  class space    used 9763K, committed 10560K, reserved 1048576K
}
Event: 11465.674 GC heap before
{Heap before GC invocations=5573 (full 8):
 PSYoungGen      total 10752K, used 10272K [0x00000000d5580000, 0x00000000d6280000, 0x0000000100000000)
  eden space 9216K, 100% used [0x00000000d5580000,0x00000000d5e80000,0x00000000d5e80000)
  from space 1536K, 68% used [0x00000000d6000000,0x00000000d6108000,0x00000000d6180000)
  to   space 1536K, 0% used [0x00000000d5e80000,0x00000000d5e80000,0x00000000d6000000)
 ParOldGen       total 905728K, used 905631K [0x0000000080000000, 0x00000000b7480000, 0x00000000d5580000)
  object space 905728K, 99% used [0x0000000080000000,0x00000000b7467e20,0x00000000b7480000)
 Metaspace       used 99271K, committed 100928K, reserved 1179648K
  class space    used 9763K, committed 10560K, reserved 1048576K
}
Event: 11465.679 GC heap after
{Heap after GC invocations=5573 (full 8):
 PSYoungGen      total 10752K, used 1024K [0x00000000d5580000, 0x00000000d6380000, 0x0000000100000000)
  eden space 9216K, 0% used [0x00000000d5580000,0x00000000d5580000,0x00000000d5e80000)
  from space 1536K, 66% used [0x00000000d5e80000,0x00000000d5f80000,0x00000000d6000000)
  to   space 1536K, 0% used [0x00000000d6200000,0x00000000d6200000,0x00000000d6380000)
 ParOldGen       total 906752K, used 906579K [0x0000000080000000, 0x00000000b7580000, 0x00000000d5580000)
  object space 906752K, 99% used [0x0000000080000000,0x00000000b7554eb0,0x00000000b7580000)
 Metaspace       used 99271K, committed 100928K, reserved 1179648K
  class space    used 9763K, committed 10560K, reserved 1048576K
}
Event: 11465.734 GC heap before
{Heap before GC invocations=5574 (full 8):
 PSYoungGen      total 10752K, used 10240K [0x00000000d5580000, 0x00000000d6380000, 0x0000000100000000)
  eden space 9216K, 100% used [0x00000000d5580000,0x00000000d5e80000,0x00000000d5e80000)
  from space 1536K, 66% used [0x00000000d5e80000,0x00000000d5f80000,0x00000000d6000000)
  to   space 1536K, 0% used [0x00000000d6200000,0x00000000d6200000,0x00000000d6380000)
 ParOldGen       total 906752K, used 906579K [0x0000000080000000, 0x00000000b7580000, 0x00000000d5580000)
  object space 906752K, 99% used [0x0000000080000000,0x00000000b7554eb0,0x00000000b7580000)
 Metaspace       used 99271K, committed 100928K, reserved 1179648K
  class space    used 9763K, committed 10560K, reserved 1048576K
}
Event: 11465.738 GC heap after
{Heap after GC invocations=5574 (full 8):
 PSYoungGen      total 10752K, used 1033K [0x00000000d5580000, 0x00000000d6380000, 0x0000000100000000)
  eden space 9216K, 0% used [0x00000000d5580000,0x00000000d5580000,0x00000000d5e80000)
  from space 1536K, 67% used [0x00000000d6200000,0x00000000d6302400,0x00000000d6380000)
  to   space 1536K, 0% used [0x00000000d5e80000,0x00000000d5e80000,0x00000000d6000000)
 ParOldGen       total 907776K, used 907372K [0x0000000080000000, 0x00000000b7680000, 0x00000000d5580000)
  object space 907776K, 99% used [0x0000000080000000,0x00000000b761b150,0x00000000b7680000)
 Metaspace       used 99271K, committed 100928K, reserved 1179648K
  class space    used 9763K, committed 10560K, reserved 1048576K
}
Event: 11465.759 GC heap before
{Heap before GC invocations=5575 (full 8):
 PSYoungGen      total 10752K, used 10248K [0x00000000d5580000, 0x00000000d6380000, 0x0000000100000000)
  eden space 9216K, 99% used [0x00000000d5580000,0x00000000d5e7fff0,0x00000000d5e80000)
  from space 1536K, 67% used [0x00000000d6200000,0x00000000d6302400,0x00000000d6380000)
  to   space 1536K, 0% used [0x00000000d5e80000,0x00000000d5e80000,0x00000000d6000000)
 ParOldGen       total 907776K, used 907372K [0x0000000080000000, 0x00000000b7680000, 0x00000000d5580000)
  object space 907776K, 99% used [0x0000000080000000,0x00000000b761b150,0x00000000b7680000)
 Metaspace       used 99275K, committed 100928K, reserved 1179648K
  class space    used 9763K, committed 10560K, reserved 1048576K
}
Event: 11465.767 GC heap after
{Heap after GC invocations=5575 (full 8):
 PSYoungGen      total 10752K, used 512K [0x00000000d5580000, 0x00000000d6280000, 0x0000000100000000)
  eden space 9216K, 0% used [0x00000000d5580000,0x00000000d5580000,0x00000000d5e80000)
  from space 1536K, 33% used [0x00000000d5e80000,0x00000000d5f00000,0x00000000d6000000)
  to   space 1024K, 0% used [0x00000000d6180000,0x00000000d6180000,0x00000000d6280000)
 ParOldGen       total 908288K, used 907800K [0x0000000080000000, 0x00000000b7700000, 0x00000000d5580000)
  object space 908288K, 99% used [0x0000000080000000,0x00000000b7686160,0x00000000b7700000)
 Metaspace       used 99275K, committed 100928K, reserved 1179648K
  class space    used 9763K, committed 10560K, reserved 1048576K
}
Event: 11465.873 GC heap before
{Heap before GC invocations=5576 (full 8):
 PSYoungGen      total 10752K, used 9728K [0x00000000d5580000, 0x00000000d6280000, 0x0000000100000000)
  eden space 9216K, 100% used [0x00000000d5580000,0x00000000d5e80000,0x00000000d5e80000)
  from space 1536K, 33% used [0x00000000d5e80000,0x00000000d5f00000,0x00000000d6000000)
  to   space 1024K, 0% used [0x00000000d6180000,0x00000000d6180000,0x00000000d6280000)
 ParOldGen       total 908288K, used 907800K [0x0000000080000000, 0x00000000b7700000, 0x00000000d5580000)
  object space 908288K, 99% used [0x0000000080000000,0x00000000b7686160,0x00000000b7700000)
 Metaspace       used 99278K, committed 100928K, reserved 1179648K
  class space    used 9763K, committed 10560K, reserved 1048576K
}
Event: 11465.885 GC heap after
{Heap after GC invocations=5576 (full 8):
 PSYoungGen      total 10240K, used 1008K [0x00000000d5580000, 0x00000000d6280000, 0x0000000100000000)
  eden space 9216K, 0% used [0x00000000d5580000,0x00000000d5580000,0x00000000d5e80000)
  from space 1024K, 98% used [0x00000000d6180000,0x00000000d627c010,0x00000000d6280000)
  to   space 2048K, 0% used [0x00000000d5e80000,0x00000000d5e80000,0x00000000d6080000)
 ParOldGen       total 908800K, used 908420K [0x0000000080000000, 0x00000000b7780000, 0x00000000d5580000)
  object space 908800K, 99% used [0x0000000080000000,0x00000000b7721288,0x00000000b7780000)
 Metaspace       used 99278K, committed 100928K, reserved 1179648K
  class space    used 9763K, committed 10560K, reserved 1048576K
}
Event: 11466.073 GC heap before
{Heap before GC invocations=5577 (full 8):
 PSYoungGen      total 10240K, used 10224K [0x00000000d5580000, 0x00000000d6280000, 0x0000000100000000)
  eden space 9216K, 100% used [0x00000000d5580000,0x00000000d5e80000,0x00000000d5e80000)
  from space 1024K, 98% used [0x00000000d6180000,0x00000000d627c010,0x00000000d6280000)
  to   space 2048K, 0% used [0x00000000d5e80000,0x00000000d5e80000,0x00000000d6080000)
 ParOldGen       total 908800K, used 908420K [0x0000000080000000, 0x00000000b7780000, 0x00000000d5580000)
  object space 908800K, 99% used [0x0000000080000000,0x00000000b7721288,0x00000000b7780000)
 Metaspace       used 99278K, committed 100928K, reserved 1179648K
  class space    used 9763K, committed 10560K, reserved 1048576K
}
Event: 11466.084 GC heap after
{Heap after GC invocations=5577 (full 8):
 PSYoungGen      total 11264K, used 784K [0x00000000d5580000, 0x00000000d6200000, 0x0000000100000000)
  eden space 9216K, 0% used [0x00000000d5580000,0x00000000d5580000,0x00000000d5e80000)
  from space 2048K, 38% used [0x00000000d5e80000,0x00000000d5f44010,0x00000000d6080000)
  to   space 1536K, 0% used [0x00000000d6080000,0x00000000d6080000,0x00000000d6200000)
 ParOldGen       total 909824K, used 909420K [0x0000000080000000, 0x00000000b7880000, 0x00000000d5580000)
  object space 909824K, 99% used [0x0000000080000000,0x00000000b781b280,0x00000000b7880000)
 Metaspace       used 99278K, committed 100928K, reserved 1179648K
  class space    used 9763K, committed 10560K, reserved 1048576K
}
Event: 11466.207 GC heap before
{Heap before GC invocations=5578 (full 8):
 PSYoungGen      total 11264K, used 10000K [0x00000000d5580000, 0x00000000d6200000, 0x0000000100000000)
  eden space 9216K, 100% used [0x00000000d5580000,0x00000000d5e80000,0x00000000d5e80000)
  from space 2048K, 38% used [0x00000000d5e80000,0x00000000d5f44010,0x00000000d6080000)
  to   space 1536K, 0% used [0x00000000d6080000,0x00000000d6080000,0x00000000d6200000)
 ParOldGen       total 909824K, used 909420K [0x0000000080000000, 0x00000000b7880000, 0x00000000d5580000)
  object space 909824K, 99% used [0x0000000080000000,0x00000000b781b280,0x00000000b7880000)
 Metaspace       used 99297K, committed 100992K, reserved 1179648K
  class space    used 9763K, committed 10560K, reserved 1048576K
}
Event: 11466.215 GC heap after
{Heap after GC invocations=5578 (full 8):
 PSYoungGen      total 9728K, used 384K [0x00000000d5580000, 0x00000000d6100000, 0x0000000100000000)
  eden space 9216K, 0% used [0x00000000d5580000,0x00000000d5580000,0x00000000d5e80000)
  from space 512K, 75% used [0x00000000d6080000,0x00000000d60e0000,0x00000000d6100000)
  to   space 1024K, 0% used [0x00000000d5f00000,0x00000000d5f00000,0x00000000d6000000)
 ParOldGen       total 910336K, used 910132K [0x0000000080000000, 0x00000000b7900000, 0x00000000d5580000)
  object space 910336K, 99% used [0x0000000080000000,0x00000000b78cd2f0,0x00000000b7900000)
 Metaspace       used 99297K, committed 100992K, reserved 1179648K
  class space    used 9763K, committed 10560K, reserved 1048576K
}

Dll operation events (12 events):
Event: 0.055 Loaded shared library c:\Users\shop souf\.vscode\extensions\redhat.java-1.50.0-win32-x64\jre\21.0.9-win32-x86_64\bin\java.dll
Event: 0.222 Loaded shared library c:\Users\shop souf\.vscode\extensions\redhat.java-1.50.0-win32-x64\jre\21.0.9-win32-x86_64\bin\zip.dll
Event: 0.281 Loaded shared library C:\Users\shop souf\.vscode\extensions\redhat.java-1.50.0-win32-x64\jre\21.0.9-win32-x86_64\bin\instrument.dll
Event: 0.311 Loaded shared library C:\Users\shop souf\.vscode\extensions\redhat.java-1.50.0-win32-x64\jre\21.0.9-win32-x86_64\bin\net.dll
Event: 0.315 Loaded shared library C:\Users\shop souf\.vscode\extensions\redhat.java-1.50.0-win32-x64\jre\21.0.9-win32-x86_64\bin\nio.dll
Event: 0.365 Loaded shared library C:\Users\shop souf\.vscode\extensions\redhat.java-1.50.0-win32-x64\jre\21.0.9-win32-x86_64\bin\zip.dll
Event: 0.451 Loaded shared library C:\Users\shop souf\.vscode\extensions\redhat.java-1.50.0-win32-x64\jre\21.0.9-win32-x86_64\bin\jimage.dll
Event: 0.643 Loaded shared library c:\Users\shop souf\.vscode\extensions\redhat.java-1.50.0-win32-x64\jre\21.0.9-win32-x86_64\bin\verify.dll
Event: 4.132 Loaded shared library C:\Users\shop souf\AppData\Roaming\Code\User\globalStorage\redhat.java\1.50.0\config_win\org.eclipse.equinox.launcher\org.eclipse.equinox.launcher.win32.win32.x86_64_1.2.1400.v20250801-0854\eclipse_11916.dll
Event: 6.647 Loaded shared library C:\Users\shop souf\AppData\Local\Temp\jna-2133030103\jna5025653070179249780.dll
Event: 9.840 Loaded shared library C:\Users\shop souf\.vscode\extensions\redhat.java-1.50.0-win32-x64\jre\21.0.9-win32-x86_64\bin\sunmscapi.dll
Event: 11.457 Loaded shared library C:\Users\shop souf\.vscode\extensions\redhat.java-1.50.0-win32-x64\jre\21.0.9-win32-x86_64\bin\extnet.dll

Deoptimization events (20 events):
Event: 11465.687 Thread 0x0000022891175cb0 Uncommon trap: trap_request=0xffffffc6 fr.pc=0x000002283ee3c6a0 relative=0x00000000000004c0
Event: 11465.687 Thread 0x0000022891175cb0 Uncommon trap: reason=bimorphic_or_optimized_type_check action=maybe_recompile pc=0x000002283ee3c6a0 method=org.eclipse.jdt.internal.compiler.ast.CastExpression.traverse(Lorg/eclipse/jdt/internal/compiler/ASTVisitor;Lorg/eclipse/jdt/internal/compiler/look
Event: 11465.687 Thread 0x0000022891175cb0 DEOPT PACKING pc=0x000002283ee3c6a0 sp=0x0000004bee4fdd30
Event: 11465.687 Thread 0x0000022891175cb0 DEOPT UNPACKING pc=0x000002283cec3aa2 sp=0x0000004bee4fdcf8 mode 2
Event: 11465.711 Thread 0x0000022891175cb0 Uncommon trap: trap_request=0xffffffc6 fr.pc=0x000002283de9cfe4 relative=0x00000000000000a4
Event: 11465.711 Thread 0x0000022891175cb0 Uncommon trap: reason=bimorphic_or_optimized_type_check action=maybe_recompile pc=0x000002283de9cfe4 method=org.eclipse.jdt.internal.compiler.lookup.ClassScope.detectHierarchyCycle(Lorg/eclipse/jdt/internal/compiler/lookup/TypeBinding;Lorg/eclipse/jdt/int
Event: 11465.711 Thread 0x0000022891175cb0 DEOPT PACKING pc=0x000002283de9cfe4 sp=0x0000004bee4fe190
Event: 11465.711 Thread 0x0000022891175cb0 DEOPT UNPACKING pc=0x000002283cec3aa2 sp=0x0000004bee4fe148 mode 2
Event: 11465.711 Thread 0x0000022891175cb0 Uncommon trap: trap_request=0xffffffde fr.pc=0x000002283e9bc738 relative=0x00000000000007d8
Event: 11465.711 Thread 0x0000022891175cb0 Uncommon trap: reason=class_check action=maybe_recompile pc=0x000002283e9bc738 method=org.eclipse.jdt.internal.compiler.lookup.TypeVariableBinding.internalBoundCheck(Lorg/eclipse/jdt/internal/compiler/lookup/Substitution;Lorg/eclipse/jdt/internal/compiler
Event: 11465.711 Thread 0x0000022891175cb0 DEOPT PACKING pc=0x000002283e9bc738 sp=0x0000004bee4fe1e0
Event: 11465.711 Thread 0x0000022891175cb0 DEOPT UNPACKING pc=0x000002283cec3aa2 sp=0x0000004bee4fe138 mode 2
Event: 11465.717 Thread 0x0000022891175cb0 Uncommon trap: trap_request=0xffffffde fr.pc=0x000002283d5205ec relative=0x000000000000146c
Event: 11465.717 Thread 0x0000022891175cb0 Uncommon trap: reason=class_check action=maybe_recompile pc=0x000002283d5205ec method=org.eclipse.jdt.internal.compiler.parser.Parser.resumeAfterRecovery()I @ 35 c2
Event: 11465.717 Thread 0x0000022891175cb0 DEOPT PACKING pc=0x000002283d5205ec sp=0x0000004bee4fe360
Event: 11465.717 Thread 0x0000022891175cb0 DEOPT UNPACKING pc=0x000002283cec3aa2 sp=0x0000004bee4fe358 mode 2
Event: 11465.855 Thread 0x00000228915e3720 Uncommon trap: trap_request=0xffffff45 fr.pc=0x000002283e7dacbc relative=0x000000000000117c
Event: 11465.855 Thread 0x00000228915e3720 Uncommon trap: reason=unstable_if action=reinterpret pc=0x000002283e7dacbc method=org.eclipse.jdt.internal.compiler.lookup.LookupEnvironment.createParameterizedGenericMethod(Lorg/eclipse/jdt/internal/compiler/lookup/MethodBinding;[Lorg/eclipse/jdt/interna
Event: 11465.855 Thread 0x00000228915e3720 DEOPT PACKING pc=0x000002283e7dacbc sp=0x0000004bf07fd900
Event: 11465.855 Thread 0x00000228915e3720 DEOPT UNPACKING pc=0x000002283cec3aa2 sp=0x0000004bf07fd888 mode 2

Classes loaded (20 events):
Event: 10785.412 Loading class jdk/internal/module/IllegalAccessLogger
Event: 10785.415 Loading class jdk/internal/module/IllegalAccessLogger done
Event: 11104.402 Loading class sun/security/ssl/PreSharedKeyExtension$PskIdentity
Event: 11104.412 Loading class sun/security/ssl/PreSharedKeyExtension$PskIdentity done
Event: 11104.419 Loading class sun/security/ssl/PreSharedKeyExtension$CHPreSharedKeySpec
Event: 11104.445 Loading class sun/security/ssl/PreSharedKeyExtension$CHPreSharedKeySpec done
Event: 11104.446 Loading class sun/security/ssl/PreSharedKeyExtension$PartialClientHelloMessage
Event: 11104.454 Loading class sun/security/ssl/PreSharedKeyExtension$PartialClientHelloMessage done
Event: 11104.502 Loading class sun/security/ssl/PreSharedKeyExtension$SHPreSharedKeySpec
Event: 11104.503 Loading class sun/security/ssl/PreSharedKeyExtension$SHPreSharedKeySpec done
Event: 11108.823 Loading class jdk/internal/module/IllegalAccessLogger
Event: 11108.823 Loading class jdk/internal/module/IllegalAccessLogger done
Event: 11139.589 Loading class jdk/internal/module/IllegalAccessLogger
Event: 11139.589 Loading class jdk/internal/module/IllegalAccessLogger done
Event: 11299.816 Loading class jdk/internal/module/IllegalAccessLogger
Event: 11299.816 Loading class jdk/internal/module/IllegalAccessLogger done
Event: 11393.757 Loading class jdk/internal/module/IllegalAccessLogger
Event: 11393.757 Loading class jdk/internal/module/IllegalAccessLogger done
Event: 11402.822 Loading class jdk/internal/module/IllegalAccessLogger
Event: 11402.822 Loading class jdk/internal/module/IllegalAccessLogger done

Classes unloaded (20 events):
Event: 7983.223 Thread 0x00000228327f1e40 Unloading class 0x000002284a29d000 'jdk/internal/reflect/GeneratedSerializationConstructorAccessor10'
Event: 7983.223 Thread 0x00000228327f1e40 Unloading class 0x000002284a29cc00 'jdk/internal/reflect/GeneratedSerializationConstructorAccessor9'
Event: 7983.223 Thread 0x00000228327f1e40 Unloading class 0x000002284a296400 'java/lang/invoke/LambdaForm$MH+0x000002284a296400'
Event: 7983.223 Thread 0x00000228327f1e40 Unloading class 0x000002284a295c00 'java/lang/invoke/LambdaForm$MH+0x000002284a295c00'
Event: 7983.223 Thread 0x00000228327f1e40 Unloading class 0x000002284a292000 'jdk/internal/reflect/GeneratedSerializationConstructorAccessor8'
Event: 7983.223 Thread 0x00000228327f1e40 Unloading class 0x000002284a291c00 'jdk/internal/reflect/GeneratedSerializationConstructorAccessor7'
Event: 7983.223 Thread 0x00000228327f1e40 Unloading class 0x000002284a291800 'jdk/internal/reflect/GeneratedSerializationConstructorAccessor6'
Event: 7983.223 Thread 0x00000228327f1e40 Unloading class 0x000002284a291400 'jdk/internal/reflect/GeneratedSerializationConstructorAccessor5'
Event: 7983.223 Thread 0x00000228327f1e40 Unloading class 0x000002284a291000 'jdk/internal/reflect/GeneratedSerializationConstructorAccessor4'
Event: 7983.223 Thread 0x00000228327f1e40 Unloading class 0x000002284a290c00 'jdk/internal/reflect/GeneratedSerializationConstructorAccessor3'
Event: 7983.223 Thread 0x00000228327f1e40 Unloading class 0x000002284a290800 'jdk/internal/reflect/GeneratedSerializationConstructorAccessor2'
Event: 7983.223 Thread 0x00000228327f1e40 Unloading class 0x000002284a290400 'jdk/internal/reflect/GeneratedSerializationConstructorAccessor1'
Event: 7983.223 Thread 0x00000228327f1e40 Unloading class 0x000002284a225c00 'java/lang/invoke/LambdaForm$MH+0x000002284a225c00'
Event: 7983.223 Thread 0x00000228327f1e40 Unloading class 0x000002284a225800 'java/lang/invoke/LambdaForm$MH+0x000002284a225800'
Event: 7983.223 Thread 0x00000228327f1e40 Unloading class 0x000002284a225400 'java/lang/invoke/LambdaForm$MH+0x000002284a225400'
Event: 7983.223 Thread 0x00000228327f1e40 Unloading class 0x000002284a01f800 'java/lang/invoke/LambdaForm$MH+0x000002284a01f800'
Event: 7983.224 Thread 0x00000228327f1e40 Unloading class 0x000002284a01e800 'java/lang/invoke/LambdaForm$MH+0x000002284a01e800'
Event: 7983.224 Thread 0x00000228327f1e40 Unloading class 0x000002284a01e400 'java/lang/invoke/LambdaForm$MH+0x000002284a01e400'
Event: 7983.224 Thread 0x00000228327f1e40 Unloading class 0x000002284a01dc00 'java/lang/invoke/LambdaForm$MH+0x000002284a01dc00'
Event: 7983.224 Thread 0x00000228327f1e40 Unloading class 0x000002284a000400 'java/lang/invoke/LambdaForm$MH+0x000002284a000400'

Classes redefined (0 events):
No events

Internal exceptions (20 events):
Event: 11107.183 Thread 0x0000022891178aa0 Exception <a 'java/lang/ClassNotFoundException'{0x00000000d5587af8}: sun/net/www/protocol/jdt/Handler> (0x00000000d5587af8) 
thrown [s\src\hotspot\share\classfile\systemDictionary.cpp, line 312]
Event: 11107.184 Thread 0x0000022891178aa0 Exception <a 'java/lang/ClassNotFoundException'{0x00000000d558c1e8}: sun/net/www/protocol/jdt/Handler> (0x00000000d558c1e8) 
thrown [s\src\hotspot\share\classfile\systemDictionary.cpp, line 312]
Event: 11107.185 Thread 0x0000022891178aa0 Exception <a 'java/lang/ClassNotFoundException'{0x00000000d558e958}: sun/net/www/protocol/jdt/Handler> (0x00000000d558e958) 
thrown [s\src\hotspot\share\classfile\systemDictionary.cpp, line 312]
Event: 11107.185 Thread 0x0000022891178aa0 Exception <a 'java/lang/ClassNotFoundException'{0x00000000d5591108}: sun/net/www/protocol/jdt/Handler> (0x00000000d5591108) 
thrown [s\src\hotspot\share\classfile\systemDictionary.cpp, line 312]
Event: 11107.186 Thread 0x0000022891178aa0 Exception <a 'java/lang/ClassNotFoundException'{0x00000000d55938e0}: sun/net/www/protocol/jdt/Handler> (0x00000000d55938e0) 
thrown [s\src\hotspot\share\classfile\systemDictionary.cpp, line 312]
Event: 11108.854 Thread 0x000002288f370910 Exception <a 'sun/nio/fs/WindowsException'{0x00000000d5954e70}> (0x00000000d5954e70) 
thrown [s\src\hotspot\share\prims\jni.cpp, line 520]
Event: 11108.933 Thread 0x000002288f370910 Exception <a 'sun/nio/fs/WindowsException'{0x00000000d579a908}> (0x00000000d579a908) 
thrown [s\src\hotspot\share\prims\jni.cpp, line 520]
Event: 11139.310 Thread 0x000002288f370910 Exception <a 'sun/nio/fs/WindowsException'{0x00000000d58c45b8}> (0x00000000d58c45b8) 
thrown [s\src\hotspot\share\prims\jni.cpp, line 520]
Event: 11139.361 Thread 0x000002288f370910 Exception <a 'sun/nio/fs/WindowsException'{0x00000000d55d2738}> (0x00000000d55d2738) 
thrown [s\src\hotspot\share\prims\jni.cpp, line 520]
Event: 11299.592 Thread 0x000002288f370910 Exception <a 'sun/nio/fs/WindowsException'{0x00000000d56b6c30}> (0x00000000d56b6c30) 
thrown [s\src\hotspot\share\prims\jni.cpp, line 520]
Event: 11299.603 Thread 0x000002288f370910 Exception <a 'sun/nio/fs/WindowsException'{0x00000000d57fe4e8}> (0x00000000d57fe4e8) 
thrown [s\src\hotspot\share\prims\jni.cpp, line 520]
Event: 11306.481 Thread 0x00000228915e3720 Exception <a 'java/lang/NoClassDefFoundError'{0x00000000d5847488}: org/eclipse/jdt/internal/ui/text/javadoc/JavadocContentAccess2> (0x00000000d5847488) 
thrown [s\src\hotspot\share\classfile\systemDictionary.cpp, line 301]
Event: 11306.482 Thread 0x00000228915e3720 Exception <a 'java/lang/NoClassDefFoundError'{0x00000000d5847b08}: org/eclipse/jdt/internal/ui/text/javadoc/JavadocContentAccess2> (0x00000000d5847b08) 
thrown [s\src\hotspot\share\oops\constantPool.cpp, line 873]
Event: 11306.505 Thread 0x00000228915e3720 Exception <a 'java/lang/NoSuchMethodError'{0x00000000d5867980}: 'java.lang.Object java.lang.invoke.DirectMethodHandle$Holder.invokeVirtual(java.lang.Object, java.lang.Object, java.lang.Object, java.lang.Object, java.lang.Object)'> (0x00000000d5867980) 
thrown [s\src\hotspot\share\interpreter\linkResolver.cpp, line 773]
Event: 11393.599 Thread 0x000002288f370910 Exception <a 'sun/nio/fs/WindowsException'{0x00000000d583ae68}> (0x00000000d583ae68) 
thrown [s\src\hotspot\share\prims\jni.cpp, line 520]
Event: 11393.606 Thread 0x000002288f370910 Exception <a 'sun/nio/fs/WindowsException'{0x00000000d5878370}> (0x00000000d5878370) 
thrown [s\src\hotspot\share\prims\jni.cpp, line 520]
Event: 11402.602 Thread 0x000002288f370910 Exception <a 'sun/nio/fs/WindowsException'{0x00000000d562d940}> (0x00000000d562d940) 
thrown [s\src\hotspot\share\prims\jni.cpp, line 520]
Event: 11402.608 Thread 0x000002288f370910 Exception <a 'sun/nio/fs/WindowsException'{0x00000000d5669e70}> (0x00000000d5669e70) 
thrown [s\src\hotspot\share\prims\jni.cpp, line 520]
Event: 11407.824 Thread 0x00000228915deef0 Exception <a 'sun/nio/fs/WindowsException'{0x00000000d5810590}> (0x00000000d5810590) 
thrown [s\src\hotspot\share\prims\jni.cpp, line 520]
Event: 11407.824 Thread 0x00000228915deef0 Exception <a 'sun/nio/fs/WindowsException'{0x00000000d5810e70}> (0x00000000d5810e70) 
thrown [s\src\hotspot\share\prims\jni.cpp, line 520]

ZGC Phase Switch (0 events):
No events

VM Operations (20 events):
Event: 11465.759 Executing VM operation: ParallelGCFailedAllocation (Allocation Failure)
Event: 11465.767 Executing VM operation: ParallelGCFailedAllocation (Allocation Failure) done
Event: 11465.873 Executing VM operation: ParallelGCFailedAllocation (Allocation Failure)
Event: 11465.885 Executing VM operation: ParallelGCFailedAllocation (Allocation Failure) done
Event: 11466.073 Executing VM operation: ParallelGCFailedAllocation (Allocation Failure)
Event: 11466.085 Executing VM operation: ParallelGCFailedAllocation (Allocation Failure) done
Event: 11466.207 Executing VM operation: ParallelGCFailedAllocation (Allocation Failure)
Event: 11466.215 Executing VM operation: ParallelGCFailedAllocation (Allocation Failure) done
Event: 11467.225 Executing VM operation: Cleanup
Event: 11467.225 Executing VM operation: Cleanup done
Event: 11501.225 Executing VM operation: HandshakeAllThreads (HandshakeForDeflation)
Event: 11501.225 Executing VM operation: HandshakeAllThreads (HandshakeForDeflation) done
Event: 11501.225 Executing VM operation: RendezvousGCThreads
Event: 11501.225 Executing VM operation: RendezvousGCThreads done
Event: 12047.999 Executing VM operation: Cleanup
Event: 12048.000 Executing VM operation: Cleanup done
Event: 12102.663 Executing VM operation: HandshakeAllThreads (HandshakeForDeflation)
Event: 12102.663 Executing VM operation: HandshakeAllThreads (HandshakeForDeflation) done
Event: 12102.663 Executing VM operation: RendezvousGCThreads
Event: 12102.663 Executing VM operation: RendezvousGCThreads done

Memory protections (0 events):
No events

Nmethod flushes (20 events):
Event: 7984.168 Thread 0x00000228327f1e40 flushing  nmethod 0x0000022838fdca10
Event: 7984.168 Thread 0x00000228327f1e40 flushing  nmethod 0x000002283902b910
Event: 7984.168 Thread 0x00000228327f1e40 flushing  nmethod 0x000002283902c810
Event: 7984.168 Thread 0x00000228327f1e40 flushing  nmethod 0x0000022839097b10
Event: 7984.169 Thread 0x00000228327f1e40 flushing  nmethod 0x000002283909d290
Event: 7984.169 Thread 0x00000228327f1e40 flushing  nmethod 0x00000228390a2690
Event: 7984.174 Thread 0x00000228327f1e40 flushing  nmethod 0x00000228390c4310
Event: 7984.174 Thread 0x00000228327f1e40 flushing  nmethod 0x00000228390c6710
Event: 7984.174 Thread 0x00000228327f1e40 flushing  nmethod 0x00000228390c8990
Event: 7984.174 Thread 0x00000228327f1e40 flushing  nmethod 0x00000228390e8e10
Event: 7984.174 Thread 0x00000228327f1e40 flushing  nmethod 0x000002283914d690
Event: 7984.175 Thread 0x00000228327f1e40 flushing  nmethod 0x00000228391e1890
Event: 7984.175 Thread 0x00000228327f1e40 flushing  nmethod 0x00000228391e3310
Event: 7984.175 Thread 0x00000228327f1e40 flushing  nmethod 0x00000228391e4a90
Event: 7984.175 Thread 0x00000228327f1e40 flushing  nmethod 0x00000228391f6590
Event: 7984.175 Thread 0x00000228327f1e40 flushing  nmethod 0x00000228391f9e10
Event: 7984.175 Thread 0x00000228327f1e40 flushing  nmethod 0x0000022839205590
Event: 7984.175 Thread 0x00000228327f1e40 flushing  nmethod 0x0000022839211410
Event: 7984.175 Thread 0x00000228327f1e40 flushing  nmethod 0x0000022839211d90
Event: 7984.175 Thread 0x00000228327f1e40 flushing  nmethod 0x000002283921ed10

Events (20 events):
Event: 11393.758 Thread 0x00000228915deef0 Thread added: 0x00000228915e1650
Event: 11394.027 Thread 0x00000228915e02a0 Thread added: 0x00000228915e2370
Event: 11394.031 Thread 0x00000228915e2370 Thread added: 0x00000228913d0710
Event: 11403.459 Thread 0x00000228915deef0 Thread added: 0x00000228913d0da0
Event: 11407.819 Thread 0x00000228915deef0 Thread added: 0x00000228913d1430
Event: 11407.821 Thread 0x00000228913d1430 Thread exited: 0x00000228913d1430
Event: 11407.826 Thread 0x00000228915deef0 Thread added: 0x00000228913d1430
Event: 11407.833 Thread 0x00000228913d1430 Thread exited: 0x00000228913d1430
Event: 11463.089 Thread 0x00000228915e1650 Thread exited: 0x00000228915e1650
Event: 11464.089 Thread 0x00000228915e02a0 Thread exited: 0x00000228915e02a0
Event: 11464.090 Thread 0x00000228913d0da0 Thread exited: 0x00000228913d0da0
Event: 11464.090 Thread 0x00000228913d0710 Thread exited: 0x00000228913d0710
Event: 11466.057 Thread 0x00000228326a39f0 Thread added: 0x00000228914f6450
Event: 11472.141 Thread 0x00000228914f6450 Thread exited: 0x00000228914f6450
Event: 11525.674 Thread 0x00000228915e2370 Thread exited: 0x00000228915e2370
Event: 11527.495 Thread 0x0000022891175cb0 Thread exited: 0x0000022891175cb0
Event: 11587.509 Thread 0x0000022891178aa0 Thread exited: 0x0000022891178aa0
Event: 11647.523 Thread 0x00000228915e3720 Thread exited: 0x00000228915e3720
Event: 11703.005 Thread 0x00000228915de860 Thread exited: 0x00000228915de860
Event: 11703.005 Thread 0x0000022891173be0 Thread exited: 0x0000022891173be0


Dynamic libraries:
0x00007ff69e2d0000 - 0x00007ff69e2de000 	c:\Users\shop souf\.vscode\extensions\redhat.java-1.50.0-win32-x64\jre\21.0.9-win32-x86_64\bin\java.exe
0x00007ffae3350000 - 0x00007ffae3548000 	C:\Windows\SYSTEM32\ntdll.dll
0x00007ffae2c70000 - 0x00007ffae2d32000 	C:\Windows\System32\KERNEL32.DLL
0x00007ffae0ff0000 - 0x00007ffae12e6000 	C:\Windows\System32\KERNELBASE.dll
0x00007ffae0b00000 - 0x00007ffae0c00000 	C:\Windows\System32\ucrtbase.dll
0x00007ffad2400000 - 0x00007ffad2418000 	c:\Users\shop souf\.vscode\extensions\redhat.java-1.50.0-win32-x64\jre\21.0.9-win32-x86_64\bin\jli.dll
0x00007ffae2010000 - 0x00007ffae21b1000 	C:\Windows\System32\USER32.dll
0x00007ffae0c30000 - 0x00007ffae0c52000 	C:\Windows\System32\win32u.dll
0x00007ffae16b0000 - 0x00007ffae16db000 	C:\Windows\System32\GDI32.dll
0x00007ffae09e0000 - 0x00007ffae0af9000 	C:\Windows\System32\gdi32full.dll
0x00007ffae0f50000 - 0x00007ffae0fed000 	C:\Windows\System32\msvcp_win.dll
0x00007ffad23e0000 - 0x00007ffad23fe000 	c:\Users\shop souf\.vscode\extensions\redhat.java-1.50.0-win32-x64\jre\21.0.9-win32-x86_64\bin\VCRUNTIME140.dll
0x00007ffad2e70000 - 0x00007ffad310b000 	C:\Windows\WinSxS\amd64_microsoft.windows.common-controls_6595b64144ccf1df_6.0.19041.6456_none_60b8a6cb71f64256\COMCTL32.dll
0x00007ffae16e0000 - 0x00007ffae177e000 	C:\Windows\System32\msvcrt.dll
0x00007ffae15b0000 - 0x00007ffae15df000 	C:\Windows\System32\IMM32.DLL
0x00007ffad23d0000 - 0x00007ffad23dc000 	c:\Users\shop souf\.vscode\extensions\redhat.java-1.50.0-win32-x64\jre\21.0.9-win32-x86_64\bin\vcruntime140_1.dll
0x00007ffac42f0000 - 0x00007ffac437d000 	c:\Users\shop souf\.vscode\extensions\redhat.java-1.50.0-win32-x64\jre\21.0.9-win32-x86_64\bin\msvcp140.dll
0x00007ffa479b0000 - 0x00007ffa48750000 	c:\Users\shop souf\.vscode\extensions\redhat.java-1.50.0-win32-x64\jre\21.0.9-win32-x86_64\bin\server\jvm.dll
0x00007ffae2ef0000 - 0x00007ffae2fa1000 	C:\Windows\System32\ADVAPI32.dll
0x00007ffae1460000 - 0x00007ffae14ff000 	C:\Windows\System32\sechost.dll
0x00007ffae1780000 - 0x00007ffae18a0000 	C:\Windows\System32\RPCRT4.dll
0x00007ffae0c00000 - 0x00007ffae0c27000 	C:\Windows\System32\bcrypt.dll
0x00007ffae2b40000 - 0x00007ffae2bab000 	C:\Windows\System32\WS2_32.dll
0x00007ffadff20000 - 0x00007ffadff6b000 	C:\Windows\SYSTEM32\POWRPROF.dll
0x00007ffad39f0000 - 0x00007ffad3a17000 	C:\Windows\SYSTEM32\WINMM.dll
0x00007ffad2070000 - 0x00007ffad207a000 	C:\Windows\SYSTEM32\VERSION.dll
0x00007ffadfde0000 - 0x00007ffadfdf2000 	C:\Windows\SYSTEM32\UMPDC.dll
0x00007ffade850000 - 0x00007ffade862000 	C:\Windows\SYSTEM32\kernel.appcore.dll
0x00007ffad1790000 - 0x00007ffad179a000 	c:\Users\shop souf\.vscode\extensions\redhat.java-1.50.0-win32-x64\jre\21.0.9-win32-x86_64\bin\jimage.dll
0x00007ffad0fc0000 - 0x00007ffad11c1000 	C:\Windows\SYSTEM32\DBGHELP.DLL
0x00007ffabe9c0000 - 0x00007ffabe9f4000 	C:\Windows\SYSTEM32\dbgcore.DLL
0x00007ffae0cb0000 - 0x00007ffae0d32000 	C:\Windows\System32\bcryptPrimitives.dll
0x00007ffad1780000 - 0x00007ffad178f000 	c:\Users\shop souf\.vscode\extensions\redhat.java-1.50.0-win32-x64\jre\21.0.9-win32-x86_64\bin\instrument.dll
0x00007ffad1760000 - 0x00007ffad1780000 	c:\Users\shop souf\.vscode\extensions\redhat.java-1.50.0-win32-x64\jre\21.0.9-win32-x86_64\bin\java.dll
0x00007ffae21c0000 - 0x00007ffae2930000 	C:\Windows\System32\SHELL32.dll
0x00007ffadea50000 - 0x00007ffadf1f5000 	C:\Windows\SYSTEM32\windows.storage.dll
0x00007ffae2fb0000 - 0x00007ffae3304000 	C:\Windows\System32\combase.dll
0x00007ffae0410000 - 0x00007ffae043b000 	C:\Windows\SYSTEM32\Wldp.dll
0x00007ffae15e0000 - 0x00007ffae16ad000 	C:\Windows\System32\OLEAUT32.dll
0x00007ffae1950000 - 0x00007ffae19fd000 	C:\Windows\System32\SHCORE.dll
0x00007ffae2930000 - 0x00007ffae298b000 	C:\Windows\System32\shlwapi.dll
0x00007ffae0910000 - 0x00007ffae0934000 	C:\Windows\SYSTEM32\profapi.dll
0x00007ffac42d0000 - 0x00007ffac42e8000 	c:\Users\shop souf\.vscode\extensions\redhat.java-1.50.0-win32-x64\jre\21.0.9-win32-x86_64\bin\zip.dll
0x00007ffad1750000 - 0x00007ffad1760000 	C:\Users\shop souf\.vscode\extensions\redhat.java-1.50.0-win32-x64\jre\21.0.9-win32-x86_64\bin\net.dll
0x00007ffad7240000 - 0x00007ffad734a000 	C:\Windows\SYSTEM32\WINHTTP.dll
0x00007ffae0170000 - 0x00007ffae01da000 	C:\Windows\system32\mswsock.dll
0x00007ffac42b0000 - 0x00007ffac42c6000 	C:\Users\shop souf\.vscode\extensions\redhat.java-1.50.0-win32-x64\jre\21.0.9-win32-x86_64\bin\nio.dll
0x00007ffac42a0000 - 0x00007ffac42b0000 	c:\Users\shop souf\.vscode\extensions\redhat.java-1.50.0-win32-x64\jre\21.0.9-win32-x86_64\bin\verify.dll
0x00007ffaaa570000 - 0x00007ffaaa5b4000 	C:\Users\shop souf\AppData\Roaming\Code\User\globalStorage\redhat.java\1.50.0\config_win\org.eclipse.equinox.launcher\org.eclipse.equinox.launcher.win32.win32.x86_64_1.2.1400.v20250801-0854\eclipse_11916.dll
0x00007ffae2a10000 - 0x00007ffae2b3b000 	C:\Windows\System32\ole32.dll
0x00007ffae0370000 - 0x00007ffae0388000 	C:\Windows\SYSTEM32\CRYPTSP.dll
0x00007ffadfa20000 - 0x00007ffadfa58000 	C:\Windows\system32\rsaenh.dll
0x00007ffae08d0000 - 0x00007ffae08fe000 	C:\Windows\SYSTEM32\USERENV.dll
0x00007ffae0360000 - 0x00007ffae036c000 	C:\Windows\SYSTEM32\CRYPTBASE.dll
0x00007ffadfe00000 - 0x00007ffadfe3b000 	C:\Windows\SYSTEM32\IPHLPAPI.DLL
0x00007ffae1370000 - 0x00007ffae1378000 	C:\Windows\System32\NSI.dll
0x00007ffaaa520000 - 0x00007ffaaa569000 	C:\Users\shop souf\AppData\Local\Temp\jna-2133030103\jna5025653070179249780.dll
0x00007ffae1ff0000 - 0x00007ffae1ff8000 	C:\Windows\System32\PSAPI.DLL
0x00007ffad8750000 - 0x00007ffad8767000 	C:\Windows\SYSTEM32\dhcpcsvc6.DLL
0x00007ffad9350000 - 0x00007ffad936d000 	C:\Windows\SYSTEM32\dhcpcsvc.DLL
0x00007ffada170000 - 0x00007ffada17e000 	C:\Users\shop souf\.vscode\extensions\redhat.java-1.50.0-win32-x64\jre\21.0.9-win32-x86_64\bin\sunmscapi.dll
0x00007ffae0df0000 - 0x00007ffae0f4d000 	C:\Windows\System32\CRYPT32.dll
0x00007ffae0480000 - 0x00007ffae04a7000 	C:\Windows\SYSTEM32\ncrypt.dll
0x00007ffae0440000 - 0x00007ffae047b000 	C:\Windows\SYSTEM32\NTASN1.dll
0x00007ffadfe50000 - 0x00007ffadff1a000 	C:\Windows\SYSTEM32\DNSAPI.dll
0x00007ffad3910000 - 0x00007ffad391a000 	C:\Windows\System32\rasadhlp.dll
0x00007ffad3f00000 - 0x00007ffad3f80000 	C:\Windows\System32\fwpuclnt.dll
0x00007ffada160000 - 0x00007ffada169000 	C:\Users\shop souf\.vscode\extensions\redhat.java-1.50.0-win32-x64\jre\21.0.9-win32-x86_64\bin\extnet.dll
0x00007ffad2c00000 - 0x00007ffad2c07000 	C:\Windows\system32\wshunix.dll

JVMTI agents:
c:\Users\shop souf\.vscode\extensions\redhat.java-1.50.0-win32-x64\lombok\lombok-1.18.39-4050.jar path:c:\Users\shop souf\.vscode\extensions\redhat.java-1.50.0-win32-x64\jre\21.0.9-win32-x86_64\bin\instrument.dll, loaded, initialized, instrumentlib options:none

dbghelp: loaded successfully - version: 4.0.5 - missing functions: none
symbol engine: initialized successfully - sym options: 0x614 - pdb path: .;c:\Users\shop souf\.vscode\extensions\redhat.java-1.50.0-win32-x64\jre\21.0.9-win32-x86_64\bin;C:\Windows\SYSTEM32;C:\Windows\WinSxS\amd64_microsoft.windows.common-controls_6595b64144ccf1df_6.0.19041.6456_none_60b8a6cb71f64256;c:\Users\shop souf\.vscode\extensions\redhat.java-1.50.0-win32-x64\jre\21.0.9-win32-x86_64\bin\server;C:\Users\shop souf\AppData\Roaming\Code\User\globalStorage\redhat.java\1.50.0\config_win\org.eclipse.equinox.launcher\org.eclipse.equinox.launcher.win32.win32.x86_64_1.2.1400.v20250801-0854;C:\Users\shop souf\AppData\Local\Temp\jna-2133030103

VM Arguments:
jvm_args: --add-modules=ALL-SYSTEM --add-opens=java.base/java.util=ALL-UNNAMED --add-opens=java.base/java.lang=ALL-UNNAMED --add-opens=java.base/sun.nio.fs=ALL-UNNAMED -Declipse.application=org.eclipse.jdt.ls.core.id1 -Dosgi.bundles.defaultStartLevel=4 -Declipse.product=org.eclipse.jdt.ls.core.product -Djava.import.generatesMetadataFilesAtProjectRoot=false -DDetectVMInstallationsJob.disabled=true -Dfile.encoding=utf8 -XX:+UseParallelGC -XX:GCTimeRatio=4 -XX:AdaptiveSizePolicyWeight=90 -Dsun.zip.disableMemoryMapping=true -Xmx2G -Xms100m -Xlog:disable -javaagent:c:\Users\shop souf\.vscode\extensions\redhat.java-1.50.0-win32-x64\lombok\lombok-1.18.39-4050.jar -XX:+HeapDumpOnOutOfMemoryError -XX:HeapDumpPath=c:\Users\shop souf\AppData\Roaming\Code\User\workspaceStorage\5e3e83a2b0270ce218c0c5e83ba4ad5e\redhat.java -Daether.dependencyCollector.impl=bf 
java_command: c:\Users\shop souf\.vscode\extensions\redhat.java-1.50.0-win32-x64\server\plugins\org.eclipse.equinox.launcher_1.7.100.v20251111-0406.jar -configuration c:\Users\shop souf\AppData\Roaming\Code\User\globalStorage\redhat.java\1.50.0\config_win -data c:\Users\shop souf\AppData\Roaming\Code\User\workspaceStorage\5e3e83a2b0270ce218c0c5e83ba4ad5e\redhat.java\jdt_ws --pipe=\\.\pipe\lsp-09adeb6e099588d8dc6bbb92d91bc233-sock
java_class_path (initial): c:\Users\shop souf\.vscode\extensions\redhat.java-1.50.0-win32-x64\server\plugins\org.eclipse.equinox.launcher_1.7.100.v20251111-0406.jar
Launcher Type: SUN_STANDARD

[Global flags]
    uintx AdaptiveSizePolicyWeight                 = 90                                        {product} {command line}
     intx CICompilerCount                          = 3                                         {product} {ergonomic}
    uintx GCTimeRatio                              = 4                                         {product} {command line}
     bool HeapDumpOnOutOfMemoryError               = true                                   {manageable} {command line}
    ccstr HeapDumpPath                             = c:\Users\shop souf\AppData\Roaming\Code\User\workspaceStorage\5e3e83a2b0270ce218c0c5e83ba4ad5e\redhat.java         {manageable} {command line}
   size_t InitialHeapSize                          = 104857600                                 {product} {command line}
   size_t MaxHeapSize                              = 2147483648                                {product} {command line}
   size_t MaxNewSize                               = 715653120                                 {product} {ergonomic}
   size_t MinHeapDeltaBytes                        = 524288                                    {product} {ergonomic}
   size_t MinHeapSize                              = 104857600                                 {product} {command line}
   size_t NewSize                                  = 34603008                                  {product} {ergonomic}
    uintx NonNMethodCodeHeapSize                   = 5832780                                {pd product} {ergonomic}
    uintx NonProfiledCodeHeapSize                  = 122912730                              {pd product} {ergonomic}
   size_t OldSize                                  = 70254592                                  {product} {ergonomic}
    uintx ProfiledCodeHeapSize                     = 122912730                              {pd product} {ergonomic}
    uintx ReservedCodeCacheSize                    = 251658240                              {pd product} {ergonomic}
     bool SegmentedCodeCache                       = true                                      {product} {ergonomic}
   size_t SoftMaxHeapSize                          = 2147483648                             {manageable} {ergonomic}
     bool UseCompressedOops                        = true                           {product lp64_product} {ergonomic}
     bool UseLargePagesIndividualAllocation        = false                                  {pd product} {ergonomic}
     bool UseParallelGC                            = true                                      {product} {command line}

Logging:
Log output configuration:
 #0: stdout all=off uptime,level,tags foldmultilines=false
 #1: stderr all=off uptime,level,tags foldmultilines=false

Release file:
JAVA_VERSION="21.0.9" 
MODULES="java.base java.compiler java.datatransfer java.xml java.prefs java.desktop java.instrument java.logging java.management java.security.sasl java.naming java.rmi java.management.rmi java.net.http java.scripting java.security.jgss java.transaction.xa java.sql java.sql.rowset java.xml.crypto java.se java.smartcardio jdk.accessibility jdk.internal.jvmstat jdk.attach jdk.charsets jdk.internal.opt jdk.zipfs jdk.compiler jdk.crypto.ec jdk.crypto.cryptoki jdk.crypto.mscapi jdk.dynalink jdk.internal.ed jdk.editpad jdk.hotspot.agent jdk.httpserver jdk.internal.le jdk.internal.vm.ci jdk.internal.vm.compiler jdk.internal.vm.compiler.management jdk.jartool jdk.javadoc jdk.jcmd jdk.management jdk.management.agent jdk.jconsole jdk.jdeps jdk.jdwp.agent jdk.jdi jdk.jfr jdk.jshell jdk.jsobject jdk.jstatd jdk.localedata jdk.management.jfr jdk.naming.dns jdk.naming.rmi jdk.net jdk.nio.mapmode jdk.random jdk.sctp jdk.security.auth jdk.security.jgss jdk.unsupported jdk.unsupported.desktop jdk.xml.dom" 

Environment Variables:
JAVA_HOME=C:\Program Files\Java\jdk-17
PATH=C:\Program Files\Common Files\Oracle\Java\javapath;C:\Program Files (x86)\Common Files\Oracle\Java\java8path;C:\Windows\system32;C:\Windows;C:\Windows\System32\Wbem;C:\Windows\System32\WindowsPowerShell\v1.0\;C:\Windows\System32\OpenSSH\;C:\Program Files\dotnet\;C:\Program Files\Microsoft SQL Server\120\Tools\Binn\;C:\Program Files\Microsoft SQL Server\Client SDK\ODBC\110\Tools\Binn\;C:\Program Files (x86)\Microsoft SQL Server\120\Tools\Binn\;C:\Program Files\Microsoft SQL Server\120\DTS\Binn\;C:\Program Files (x86)\Microsoft SQL Server\120\Tools\Binn\ManagementStudio\;C:\Program Files (x86)\Microsoft SQL Server\120\DTS\Binn\;C:\Program Files\Microsoft SQL Server\150\Tools\Binn\;C:\Program Files\Microsoft SQL Server\Client SDK\ODBC\170\Tools\Binn\;C:\Program Files\Git\cmd;c:\Program Files (x86)\Microsoft SQL Server\100\Tools\Binn\;c:\Program Files\Microsoft SQL Server\100\Tools\Binn\;c:\Program Files\Microsoft SQL Server\100\DTS\Binn\;C:\flutter\bin\cache\dart-sdk\lib;C:\Users\shop souf\AppData\Local\Pub\Cache\bin;C:\Users\shop souf\AppData\Local\Pub\Cache\bin;C:\Users\shop souf\AppData\Local\Programs\Python\Python314;C:\xampp\php;C:\ProgramData\ComposerSetup\bin;C:\Program Files\MySQL\MySQL Server 8.0\bin;C:\Program Files\MySQL\MySQL Server 8.0\bin;C:\android\platform-tools;C:\apache-maven-3.9.6\bin;%catalina_home%\bin;C:\Users\shop souf\Downloads\apache-tomcat-9.0.85\bin;C:\Users\shop souf\Downloads\apache-maven-3.9.6\bin;C:\Users\shop souf\Downloads\openjfx-21.0.2_windows-x64_bin-sdk.zip\javafx-sdk-21.0.2\bin;C:\Program Files (x86)\php-8.3.3;%JAVA_HOME%\bin;C:\Program Files\nodejs\;C:\Users\shop souf\AppData\Local\Programs\Microsoft VS Code;C:\Program Files\MongoDB\Server\8.0\bin;C:\mongosh-2.5.3-win32-x64\bin;C:\Users\shop souf\.gradle\wrapper\dists\gradle-8.2\bin;C:\flutter\bin;C:\android\SDK\cmdline-tools\latest\bin;C:\android\SDK\platform-tools;C:\MinGW\bin;C:\ffmpeg-8.0-essentials_build\bin;C:\Users\shop souf\AppData\Local\Programs\Python\Python314\Scripts;C:\Users\shop souf\AppData\Local\Programs\Python\Python312\Scripts\;C:\Users\shop souf\AppData\Local\Programs\Python\Python312\;C:\Users\shop souf\AppData\Local\Programs\Python\Launcher\;C:\Users\shop souf\AppData\Local\Programs\Python\Python314\Scripts\;C:\Users\shop souf\AppData\Local\Programs\Python\Python314\;C:\Users\shop souf\AppData\Local\Microsoft\WindowsApps;C:\Users\shop souf\.dotnet\tools;C:\commandlinetools-win-9123335_latest\cmdline-tools\bin;C:\commandlinetools-win-9123335_latest\cmdline-tools\build-tools;C:\commandlinetools-win-9123335_latest\cmdline-tools\platforms;C:\Program Files\Java\jdk-15.0.2;C:\flutter\bin\cache\dart-sdk\lib;C:\flutter\.pub-cache\bin;C:\Users\shop souf\AppData\Local\Pub\Cache\bin;C:\gradle-7.5\bin;C:\MinGW\bin;C:\Users\shop souf\AppData\Local\Programs\Microsoft VS Code Insiders\bin;C:\Users\shop souf\AppData\Local\Programs\Python;C:\Users\shop souf\AppData\Roaming\Composer\vendor\bin;C:\Users\shop souf\AppData\Local\Programs\Microsoft VS Code\bin;C:\flutter\bin;C:\Users\shop souf\AppData\Roaming\npm
USERNAME=shop souf
OS=Windows_NT
PROCESSOR_IDENTIFIER=Intel64 Family 6 Model 61 Stepping 4, GenuineIntel
TMP=C:\Users\SHOPSO~1\AppData\Local\Temp
TEMP=C:\Users\SHOPSO~1\AppData\Local\Temp




Periodic native trim disabled

---------------  S Y S T E M  ---------------

OS:
 Windows 10 , 64 bit Build 19041 (10.0.19041.5915)
OS uptime: 10 days 2:28 hours

CPU: total 4 (initial active 4) (2 cores per cpu, 2 threads per core) family 6 model 61 stepping 4 microcode 0x2d, cx8, cmov, fxsr, ht, mmx, 3dnowpref, sse, sse2, sse3, ssse3, sse4.1, sse4.2, popcnt, lzcnt, tsc, tscinvbit, avx, avx2, aes, erms, clmul, bmi1, bmi2, rtm, adx, fma, vzeroupper, clflush, rdtscp, f16c
Processor Information for the first 4 processors :
  Max Mhz: 2301, Current Mhz: 2301, Mhz Limit: 2301

Memory: 4k page, system-wide physical 8067M (633M free)
TotalPageFile size 29458M (AvailPageFile size 58M)
current process WorkingSet (physical memory assigned to process): 10M, peak: 1674M
current process commit charge ("private bytes"): 1298M, peak: 1783M

vm_info: OpenJDK 64-Bit Server VM (21.0.9+10-LTS) for windows-amd64 JRE (21.0.9+10-LTS), built on 2025-10-21T00:00:00Z by "admin" with unknown MS VC++:1942

END.
